Traceback (most recent call last):
  File "/home/pankaj-kumar/Workspace/pahari-yatri-app/docs/audit-evidence/technical_http_check.py", line 28, in <module>
    with concurrent.futures.ThreadPoolExecutor(max_workers=6) as pool: results=list(pool.map(fetch,items))
                                                                               ^^^^^^^^^^^^^^^^^^^^^^^^^^^
  File "/usr/lib/python3.12/concurrent/futures/_base.py", line 619, in result_iterator
    yield _result_or_cancel(fs.pop())
          ^^^^^^^^^^^^^^^^^^^^^^^^^^^
  File "/usr/lib/python3.12/concurrent/futures/_base.py", line 317, in _result_or_cancel
    return fut.result(timeout)
           ^^^^^^^^^^^^^^^^^^^
  File "/usr/lib/python3.12/concurrent/futures/_base.py", line 449, in result
    return self.__get_result()
           ^^^^^^^^^^^^^^^^^^^
  File "/usr/lib/python3.12/concurrent/futures/_base.py", line 401, in __get_result
    raise self._exception
  File "/usr/lib/python3.12/concurrent/futures/thread.py", line 58, in run
    result = self.fn(*self.args, **self.kwargs)
             ^^^^^^^^^^^^^^^^^^^^^^^^^^^^^^^^^^
  File "/home/pankaj-kumar/Workspace/pahari-yatri-app/docs/audit-evidence/technical_http_check.py", line 19, in fetch
    if 'image/png' in result['content_type'] and body.startswith(b'\x89PNG'):
       ^^^^^^^^^^^^^^^^^^^^^^^^^^^^^^^^^^^^^
TypeError: argument of type 'NoneType' is not iterable
